Thu May 07 03:22:51 UTC 2026 - Executing "python3 /openLANE_flow/scripts/extract_metal_layers.py -t /home/vsduser/Desktop/work/tools/openlane_working_dir/pdks/sky130A/libs.ref/sky130_fd_sc_hd/techlef/sky130_fd_sc_hd.tlef -o /openLANE_flow/designs/ripple_counter/runs/07-05_03-22/tmp/met_layers_list.txt"

Thu May 07 03:22:51 UTC 2026 - Executing "/openLANE_flow/scripts/mergeLef.py -i /home/vsduser/Desktop/work/tools/openlane_working_dir/pdks/sky130A/libs.ref/sky130_fd_sc_hd/techlef/sky130_fd_sc_hd.tlef {/home/vsduser/Desktop/work/tools/openlane_working_dir/pdks/sky130A/libs.ref/sky130_fd_sc_hd/lef/sky130_fd_sc_hd.lef /home/vsduser/Desktop/work/tools/openlane_working_dir/pdks/sky130A/libs.ref/sky130_fd_sc_hd/lef/sky130_ef_sc_hd__fill_12.lef /home/vsduser/Desktop/work/tools/openlane_working_dir/pdks/sky130A/libs.ref/sky130_fd_sc_hd/lef/sky130_ef_sc_hd__decap_12.lef /home/vsduser/Desktop/work/tools/openlane_working_dir/pdks/sky130A/libs.ref/sky130_fd_sc_hd/lef/sky130_ef_sc_hd__fakediode_2.lef} -o /openLANE_flow/designs/ripple_counter/runs/07-05_03-22/tmp/merged_unpadded.lef |& tee >&@stdout"

Thu May 07 03:22:52 UTC 2026 - Executing "/openLANE_flow/scripts/libtrim.pl /home/vsduser/Desktop/work/tools/openlane_working_dir/pdks/sky130A/libs.ref/sky130_fd_sc_hd/lib/sky130_fd_sc_hd__tt_025C_1v80.lib /openLANE_flow/designs/ripple_counter/runs/07-05_03-22/tmp/trimmed.lib.exclude.list > /openLANE_flow/designs/ripple_counter/runs/07-05_03-22/tmp/trimmed.lib"

Thu May 07 03:22:52 UTC 2026 - Executing "echo {openlane v0.21} > /openLANE_flow/designs/ripple_counter/runs/07-05_03-22/OPENLANE_VERSION"

Thu May 07 03:22:56 UTC 2026 - Executing "sed -E {s/^([[:space:]]+)pg_pin(.*)/\1pin\2\n\1    direction : "inout";/g} /home/vsduser/Desktop/work/tools/openlane_working_dir/pdks/sky130A/libs.ref/sky130_fd_sc_hd/lib/sky130_fd_sc_hd__tt_025C_1v80.lib > /openLANE_flow/designs/ripple_counter/runs/07-05_03-22/tmp/sky130_fd_sc_hd__tt_025C_1v80.no_pg.lib"

Thu May 07 03:22:56 UTC 2026 - Executing "yosys -c /openLANE_flow/scripts/synth.tcl -l /openLANE_flow/designs/ripple_counter/runs/07-05_03-22/logs/synthesis/1-yosys.log |& tee >&@stdout"

Thu May 07 03:22:57 UTC 2026 - Executing "sed -i -e {s/\(set ::env(CURRENT_NETLIST)\).*/\1 \/openLANE_flow\/designs\/ripple_counter\/runs\/07-05_03-22\/results\/synthesis\/ripple_counter.synthesis.v/} /openLANE_flow/designs/ripple_counter/runs/07-05_03-22/config.tcl"

Thu May 07 03:22:57 UTC 2026 - Executing "sed -i -e {s/\(set ::env(PREV_NETLIST)\).*/\1 0/} /openLANE_flow/designs/ripple_counter/runs/07-05_03-22/config.tcl"

Thu May 07 03:22:57 UTC 2026 - Executing "sed -i /defparam/d /openLANE_flow/designs/ripple_counter/runs/07-05_03-22/results/synthesis/ripple_counter.synthesis.v"

Thu May 07 03:22:57 UTC 2026 - Executing "sta /openLANE_flow/scripts/sta.tcl |& tee >&@stdout /openLANE_flow/designs/ripple_counter/runs/07-05_03-22/logs/synthesis/2-opensta"

Thu May 07 03:23:01 UTC 2026 - Executing "openroad -exit /openLANE_flow/scripts/openroad/or_floorplan.tcl |& tee >&@stdout /openLANE_flow/designs/ripple_counter/runs/07-05_03-22/logs/floorplan/3-verilog2def.openroad.log"

Thu May 07 03:23:02 UTC 2026 - Executing "openroad -exit /openLANE_flow/scripts/openroad/or_ioplacer.tcl |& tee >&@stdout /openLANE_flow/designs/ripple_counter/runs/07-05_03-22/logs/floorplan/4-ioPlacer.log"

Thu May 07 03:23:03 UTC 2026 - Executing "openroad -exit /openLANE_flow/scripts/openroad/or_tapcell.tcl |& tee >&@stdout /openLANE_flow/designs/ripple_counter/runs/07-05_03-22/logs/floorplan/5-tapcell.log"

Thu May 07 03:23:04 UTC 2026 - Executing "bash /openLANE_flow/scripts/klayout/scrotLayout.sh /home/vsduser/Desktop/work/tools/openlane_working_dir/pdks/sky130A/libs.tech/klayout/sky130A.lyt /openLANE_flow/designs/ripple_counter/runs/07-05_03-22/results/floorplan/ripple_counter.floorplan.def |& tee >&@stdout /openLANE_flow/designs/ripple_counter/runs/07-05_03-22/logs/klayout/6-klayout.scrot.log"

Thu May 07 03:23:08 UTC 2026 - Executing "openroad -exit /openLANE_flow/scripts/openroad/or_pdn.tcl |& tee >&@stdout /openLANE_flow/designs/ripple_counter/runs/07-05_03-22/logs/floorplan/7-pdn.log"

Thu May 07 03:23:52 UTC 2026 - Executing "openroad -exit /openLANE_flow/scripts/openroad/or_replace.tcl |& tee >&@stdout /openLANE_flow/designs/ripple_counter/runs/07-05_03-22/logs/placement/8-replace.log"

Thu May 07 03:23:53 UTC 2026 - Executing "openroad -exit /openLANE_flow/scripts/openroad/or_resizer.tcl |& tee >&@stdout /openLANE_flow/designs/ripple_counter/runs/07-05_03-22/logs/placement/8-resizer.log"

Thu May 07 03:23:55 UTC 2026 - Executing "openroad -exit /openLANE_flow/scripts/openroad/or_write_verilog.tcl |& tee >&@stdout /openLANE_flow/designs/ripple_counter/runs/07-05_03-22/logs/9-write_verilog.log"

Thu May 07 03:23:56 UTC 2026 - Executing "sed -i -e {s/\(set ::env(CURRENT_NETLIST)\).*/\1 \/openLANE_flow\/designs\/ripple_counter\/runs\/07-05_03-22\/results\/synthesis\/ripple_counter.synthesis_optimized.v/} /openLANE_flow/designs/ripple_counter/runs/07-05_03-22/config.tcl"

Thu May 07 03:23:56 UTC 2026 - Executing "sed -i -e {s/\(set ::env(PREV_NETLIST)\).*/\1 \/openLANE_flow\/designs\/ripple_counter\/runs\/07-05_03-22\/results\/synthesis\/ripple_counter.synthesis.v/} /openLANE_flow/designs/ripple_counter/runs/07-05_03-22/config.tcl"

Thu May 07 03:23:56 UTC 2026 - Executing "sta /openLANE_flow/scripts/sta.tcl |& tee >&@stdout /openLANE_flow/designs/ripple_counter/runs/07-05_03-22/logs/synthesis/10-opensta_post_resizer"

Thu May 07 03:23:56 UTC 2026 - Executing "openroad -exit /openLANE_flow/scripts/openroad/or_opendp.tcl |& tee >&@stdout /openLANE_flow/designs/ripple_counter/runs/07-05_03-22/logs/placement/11-opendp.log"

Thu May 07 03:23:57 UTC 2026 - Executing "bash /openLANE_flow/scripts/klayout/scrotLayout.sh /home/vsduser/Desktop/work/tools/openlane_working_dir/pdks/sky130A/libs.tech/klayout/sky130A.lyt /openLANE_flow/designs/ripple_counter/runs/07-05_03-22/results/placement/ripple_counter.placement.def |& tee >&@stdout /openLANE_flow/designs/ripple_counter/runs/07-05_03-22/logs/klayout/12-klayout.scrot.log"

Thu May 07 03:28:38 UTC 2026 - Executing "/openLANE_flow/scripts/libtrim.pl /home/vsduser/Desktop/work/tools/openlane_working_dir/pdks/sky130A/libs.ref/sky130_fd_sc_hd/lib/sky130_fd_sc_hd__tt_025C_1v80.lib /openLANE_flow/designs/ripple_counter/runs/07-05_03-22/tmp/cts.lib.exclude.list > /openLANE_flow/designs/ripple_counter/runs/07-05_03-22/tmp/cts.lib"

Thu May 07 03:28:38 UTC 2026 - Executing "openroad -exit /openLANE_flow/scripts/openroad/or_cts.tcl |& tee >&@stdout /openLANE_flow/designs/ripple_counter/runs/07-05_03-22/logs/cts/13-cts.log"

Thu May 07 03:29:19 UTC 2026 - Executing "openroad -exit /openLANE_flow/scripts/openroad/or_write_verilog.tcl |& tee >&@stdout /openLANE_flow/designs/ripple_counter/runs/07-05_03-22/logs/14-write_verilog.log"

Thu May 07 03:29:20 UTC 2026 - Executing "sed -i -e {s/\(set ::env(CURRENT_NETLIST)\).*/\1 \/openLANE_flow\/designs\/ripple_counter\/runs\/07-05_03-22\/results\/synthesis\/ripple_counter.synthesis_cts.v/} /openLANE_flow/designs/ripple_counter/runs/07-05_03-22/config.tcl"

Thu May 07 03:29:20 UTC 2026 - Executing "sed -i -e {s/\(set ::env(PREV_NETLIST)\).*/\1 \/openLANE_flow\/designs\/ripple_counter\/runs\/07-05_03-22\/results\/synthesis\/ripple_counter.synthesis_optimized.v/} /openLANE_flow/designs/ripple_counter/runs/07-05_03-22/config.tcl"

Thu May 07 03:29:20 UTC 2026 - Executing "bash /openLANE_flow/scripts/klayout/scrotLayout.sh /home/vsduser/Desktop/work/tools/openlane_working_dir/pdks/sky130A/libs.tech/klayout/sky130A.lyt /openLANE_flow/designs/ripple_counter/runs/07-05_03-22/results/cts/ripple_counter.cts.def |& tee >&@stdout /openLANE_flow/designs/ripple_counter/runs/07-05_03-22/logs/klayout/15-klayout.scrot.log"

Thu May 07 03:30:10 UTC 2026 - Executing "openroad -exit /openLANE_flow/scripts/openroad/or_groute.tcl |& tee >&@stdout /openLANE_flow/designs/ripple_counter/runs/07-05_03-22/logs/routing/16-fastroute.log"

Thu May 07 03:30:12 UTC 2026 - Executing "openroad -exit /openLANE_flow/scripts/openroad/or_fill.tcl |& tee >&@stdout /openLANE_flow/designs/ripple_counter/runs/07-05_03-22/logs/routing/17-addspacers.log"

Thu May 07 03:30:13 UTC 2026 - Executing "openroad -exit /openLANE_flow/scripts/openroad/or_write_verilog.tcl |& tee >&@stdout /openLANE_flow/designs/ripple_counter/runs/07-05_03-22/logs/18-write_verilog.log"

Thu May 07 03:30:13 UTC 2026 - Executing "sed -i -e {s/\(set ::env(CURRENT_NETLIST)\).*/\1 \/openLANE_flow\/designs\/ripple_counter\/runs\/07-05_03-22\/results\/synthesis\/ripple_counter.synthesis_preroute.v/} /openLANE_flow/designs/ripple_counter/runs/07-05_03-22/config.tcl"

Thu May 07 03:30:13 UTC 2026 - Executing "sed -i -e {s/\(set ::env(PREV_NETLIST)\).*/\1 \/openLANE_flow\/designs\/ripple_counter\/runs\/07-05_03-22\/results\/synthesis\/ripple_counter.synthesis_cts.v/} /openLANE_flow/designs/ripple_counter/runs/07-05_03-22/config.tcl"

Thu May 07 03:30:13 UTC 2026 - Executing "envsubst < /openLANE_flow/scripts/tritonRoute.param > /openLANE_flow/designs/ripple_counter/runs/07-05_03-22/tmp/routing/19-tritonRoute.param"

Thu May 07 03:30:13 UTC 2026 - Executing "TritonRoute /openLANE_flow/designs/ripple_counter/runs/07-05_03-22/tmp/routing/19-tritonRoute.param |& tee >&@stdout /openLANE_flow/designs/ripple_counter/runs/07-05_03-22/logs/routing/19-tritonRoute.log"

Thu May 07 03:30:15 UTC 2026 - Executing "python3 /openLANE_flow/scripts/tr2klayout.py -i /openLANE_flow/designs/ripple_counter/runs/07-05_03-22/reports/routing/19-tritonRoute.drc -o /openLANE_flow/designs/ripple_counter/runs/07-05_03-22/reports/routing/19-tritonRoute.klayout.xml --design-name ripple_counter"

Thu May 07 03:30:15 UTC 2026 - Executing "bash /openLANE_flow/scripts/klayout/scrotLayout.sh /home/vsduser/Desktop/work/tools/openlane_working_dir/pdks/sky130A/libs.tech/klayout/sky130A.lyt /openLANE_flow/designs/ripple_counter/runs/07-05_03-22/results/routing/ripple_counter.def |& tee >&@stdout /openLANE_flow/designs/ripple_counter/runs/07-05_03-22/logs/klayout/20-klayout.scrot.log"

Thu May 07 03:30:19 UTC 2026 - Executing "python3 /openLANE_flow/scripts/spef_extractor/main.py -l /openLANE_flow/designs/ripple_counter/runs/07-05_03-22/tmp/merged_unpadded.lef -d /openLANE_flow/designs/ripple_counter/runs/07-05_03-22/results/routing/ripple_counter.def -mw L -ec 1 |& tee >&@stdout /openLANE_flow/designs/ripple_counter/runs/07-05_03-22/logs/routing/21-spef_extraction.log"

Thu May 07 03:30:19 UTC 2026 - Executing "sta /openLANE_flow/scripts/sta.tcl |& tee >&@stdout /openLANE_flow/designs/ripple_counter/runs/07-05_03-22/logs/synthesis/22-opensta_spef"

