Startpoint: reset (input port clocked by clk)
Endpoint: _8_ (removal check against rising-edge clock clk)
Path Group: **async_default**
Path Type: min

Fanout     Cap    Slew   Delay    Time   Description
-----------------------------------------------------------------------------
                  0.00    0.00    0.00   clock clk (rise edge)
                          0.00    0.00   clock network delay (ideal)
                          4.95    4.95 v input external delay
                  0.00    0.00    4.95 v reset (in)
     1    0.00                           reset (net)
                  0.00    0.00    4.95 v _4_/A (sky130_fd_sc_hd__inv_2)
                  0.03    0.02    4.97 ^ _4_/Y (sky130_fd_sc_hd__inv_2)
     2    0.01                           _2_ (net)
                  0.03    0.00    4.97 ^ _8_/RESET_B (sky130_fd_sc_hd__dfrtp_2)
                                  4.97   data arrival time

                  0.00    0.00    0.00   clock clk (rise edge)
                          0.00    0.00   clock network delay (ideal)
                          0.00    0.00   clock reconvergence pessimism
                                  0.00 ^ _8_/CLK (sky130_fd_sc_hd__dfrtp_2)
                          0.19    0.19   library removal time
                                  0.19   data required time
-----------------------------------------------------------------------------
                                  0.19   data required time
                                 -4.97   data arrival time
-----------------------------------------------------------------------------
                                  4.78   slack (MET)


Startpoint: _8_ (rising edge-triggered flip-flop clocked by clk)
Endpoint: _8_ (rising edge-triggered flip-flop clocked by clk)
Path Group: clk
Path Type: min

Fanout     Cap    Slew   Delay    Time   Description
-----------------------------------------------------------------------------
                  0.00    0.00    0.00   clock clk (rise edge)
                          0.00    0.00   clock network delay (ideal)
                  0.00    0.00    0.00 ^ _8_/CLK (sky130_fd_sc_hd__dfrtp_2)
                  0.09    0.25    0.25 ^ _8_/Q (sky130_fd_sc_hd__dfrtp_2)
     2    0.02                           q[0] (net)
                  0.09    0.00    0.25 ^ _5_/A (sky130_fd_sc_hd__inv_2)
                  0.03    0.02    0.27 v _5_/Y (sky130_fd_sc_hd__inv_2)
     3    0.01                           _0_ (net)
                  0.03    0.00    0.27 v _8_/D (sky130_fd_sc_hd__dfrtp_2)
                                  0.27   data arrival time

                  0.00    0.00    0.00   clock clk (rise edge)
                          0.00    0.00   clock network delay (ideal)
                          0.00    0.00   clock reconvergence pessimism
                                  0.00 ^ _8_/CLK (sky130_fd_sc_hd__dfrtp_2)
                         -0.03   -0.03   library hold time
                                 -0.03   data required time
-----------------------------------------------------------------------------
                                 -0.03   data required time
                                 -0.27   data arrival time
-----------------------------------------------------------------------------
                                  0.30   slack (MET)


Startpoint: reset (input port clocked by clk)
Endpoint: _9_ (recovery check against rising-edge clock clk)
Path Group: **async_default**
Path Type: max

Fanout     Cap    Slew   Delay    Time   Description
-----------------------------------------------------------------------------
                  0.00    0.00    0.00   clock clk (rise edge)
                          0.00    0.00   clock network delay (ideal)
                          4.95    4.95 v input external delay
                  0.01    0.00    4.95 v reset (in)
     1    0.00                           reset (net)
                  0.01    0.00    4.95 v _4_/A (sky130_fd_sc_hd__inv_2)
                  0.05    0.06    5.00 ^ _4_/Y (sky130_fd_sc_hd__inv_2)
     2    0.01                           _2_ (net)
                  0.05    0.00    5.00 ^ _7_/A (sky130_fd_sc_hd__buf_1)
                  0.08    0.15    5.15 ^ _7_/X (sky130_fd_sc_hd__buf_1)
     1    0.00                           _3_ (net)
                  0.08    0.00    5.15 ^ _9_/RESET_B (sky130_fd_sc_hd__dfrtp_2)
                                  5.15   data arrival time

                  0.00   24.73   24.73   clock clk (rise edge)
                          0.00   24.73   clock network delay (ideal)
                          0.00   24.73   clock reconvergence pessimism
                                 24.73 ^ _9_/CLK (sky130_fd_sc_hd__dfrtp_2)
                          0.42   25.15   library recovery time
                                 25.15   data required time
-----------------------------------------------------------------------------
                                 25.15   data required time
                                 -5.15   data arrival time
-----------------------------------------------------------------------------
                                 19.99   slack (MET)


Startpoint: _8_ (rising edge-triggered flip-flop clocked by clk)
Endpoint: q[0] (output port clocked by clk)
Path Group: clk
Path Type: max

Fanout     Cap    Slew   Delay    Time   Description
-----------------------------------------------------------------------------
                  0.00    0.00    0.00   clock clk (rise edge)
                          0.00    0.00   clock network delay (ideal)
                  0.00    0.00    0.00 ^ _8_/CLK (sky130_fd_sc_hd__dfrtp_2)
                  0.16    0.88    0.88 v _8_/Q (sky130_fd_sc_hd__dfrtp_2)
     2    0.02                           q[0] (net)
                  0.16    0.00    0.88 v q[0] (out)
                                  0.88   data arrival time

                  0.00   24.73   24.73   clock clk (rise edge)
                          0.00   24.73   clock network delay (ideal)
                          0.00   24.73   clock reconvergence pessimism
                         -4.95   19.78   output external delay
                                 19.78   data required time
-----------------------------------------------------------------------------
                                 19.78   data required time
                                 -0.88   data arrival time
-----------------------------------------------------------------------------
                                 18.90   slack (MET)


