Startpoint: reset (input port clocked by clk)
Endpoint: _8_ (removal check against rising-edge clock clk)
Path Group: **async_default**
Path Type: min

Fanout     Cap    Slew   Delay    Time   Description
-----------------------------------------------------------------------------
                  0.00    0.00    0.00   clock clk (rise edge)
                          0.00    0.00   clock network delay (ideal)
                          4.95    4.95 v input external delay
                  0.00    0.00    4.95 v reset (in)
     1    0.00                           reset (net)
                  0.00    0.00    4.95 v input1/A (sky130_fd_sc_hd__buf_1)
                  0.03    0.06    5.01 v input1/X (sky130_fd_sc_hd__buf_1)
     1    0.01                           net1 (net)
                  0.03    0.00    5.01 v _4_/A (sky130_fd_sc_hd__inv_2)
                  0.03    0.04    5.05 ^ _4_/Y (sky130_fd_sc_hd__inv_2)
     2    0.01                           _2_ (net)
                  0.03    0.00    5.05 ^ _8_/RESET_B (sky130_fd_sc_hd__dfrtp_1)
                                  5.05   data arrival time

                  0.00    0.00    0.00   clock clk (rise edge)
                          0.00    0.00   clock network delay (ideal)
                          0.00    0.00   clock reconvergence pessimism
                                  0.00 ^ _8_/CLK (sky130_fd_sc_hd__dfrtp_1)
                          0.19    0.19   library removal time
                                  0.19   data required time
-----------------------------------------------------------------------------
                                  0.19   data required time
                                 -5.05   data arrival time
-----------------------------------------------------------------------------
                                  4.85   slack (MET)


Startpoint: _8_ (rising edge-triggered flip-flop clocked by clk)
Endpoint: _8_ (rising edge-triggered flip-flop clocked by clk)
Path Group: clk
Path Type: min

Fanout     Cap    Slew   Delay    Time   Description
-----------------------------------------------------------------------------
                  0.00    0.00    0.00   clock clk (rise edge)
                          0.00    0.00   clock network delay (ideal)
                  0.00    0.00    0.00 ^ _8_/CLK (sky130_fd_sc_hd__dfrtp_1)
                  0.09    0.23    0.23 ^ _8_/Q (sky130_fd_sc_hd__dfrtp_1)
     2    0.01                           net2 (net)
                  0.09    0.00    0.23 ^ _5_/A (sky130_fd_sc_hd__inv_2)
                  0.02    0.02    0.25 v _5_/Y (sky130_fd_sc_hd__inv_2)
     3    0.01                           _0_ (net)
                  0.02    0.00    0.25 v _8_/D (sky130_fd_sc_hd__dfrtp_1)
                                  0.25   data arrival time

                  0.00    0.00    0.00   clock clk (rise edge)
                          0.00    0.00   clock network delay (ideal)
                          0.00    0.00   clock reconvergence pessimism
                                  0.00 ^ _8_/CLK (sky130_fd_sc_hd__dfrtp_1)
                         -0.03   -0.03   library hold time
                                 -0.03   data required time
-----------------------------------------------------------------------------
                                 -0.03   data required time
                                 -0.25   data arrival time
-----------------------------------------------------------------------------
                                  0.29   slack (MET)


Startpoint: reset (input port clocked by clk)
Endpoint: _9_ (recovery check against rising-edge clock clk)
Path Group: **async_default**
Path Type: max

Fanout     Cap    Slew   Delay    Time   Description
-----------------------------------------------------------------------------
                  0.00    0.00    0.00   clock clk (rise edge)
                          0.00    0.00   clock network delay (ideal)
                          4.95    4.95 v input external delay
                  0.01    0.00    4.95 v reset (in)
     1    0.00                           reset (net)
                  0.01    0.00    4.95 v input1/A (sky130_fd_sc_hd__buf_1)
                  0.10    0.17    5.12 v input1/X (sky130_fd_sc_hd__buf_1)
     1    0.01                           net1 (net)
                  0.10    0.00    5.12 v _4_/A (sky130_fd_sc_hd__inv_2)
                  0.07    0.10    5.22 ^ _4_/Y (sky130_fd_sc_hd__inv_2)
     2    0.01                           _2_ (net)
                  0.07    0.00    5.22 ^ _7_/A (sky130_fd_sc_hd__clkbuf_1)
                  0.09    0.16    5.38 ^ _7_/X (sky130_fd_sc_hd__clkbuf_1)
     1    0.00                           _3_ (net)
                  0.09    0.00    5.38 ^ _9_/RESET_B (sky130_fd_sc_hd__dfrtp_1)
                                  5.38   data arrival time

                  0.00   24.73   24.73   clock clk (rise edge)
                          0.00   24.73   clock network delay (ideal)
                          0.00   24.73   clock reconvergence pessimism
                                 24.73 ^ _9_/CLK (sky130_fd_sc_hd__dfrtp_1)
                          0.43   25.16   library recovery time
                                 25.16   data required time
-----------------------------------------------------------------------------
                                 25.16   data required time
                                 -5.38   data arrival time
-----------------------------------------------------------------------------
                                 19.78   slack (MET)


Startpoint: _8_ (rising edge-triggered flip-flop clocked by clk)
Endpoint: q[0] (output port clocked by clk)
Path Group: clk
Path Type: max

Fanout     Cap    Slew   Delay    Time   Description
-----------------------------------------------------------------------------
                  0.00    0.00    0.00   clock clk (rise edge)
                          0.00    0.00   clock network delay (ideal)
                  0.00    0.00    0.00 ^ _8_/CLK (sky130_fd_sc_hd__dfrtp_1)
                  0.15    0.78    0.78 v _8_/Q (sky130_fd_sc_hd__dfrtp_1)
     2    0.01                           net2 (net)
                  0.15    0.00    0.78 v output2/A (sky130_fd_sc_hd__clkbuf_2)
                  0.03    0.19    0.98 v output2/X (sky130_fd_sc_hd__clkbuf_2)
     1    0.02                           q[0] (net)
                  0.03    0.00    0.98 v q[0] (out)
                                  0.98   data arrival time

                  0.00   24.73   24.73   clock clk (rise edge)
                          0.00   24.73   clock network delay (ideal)
                          0.00   24.73   clock reconvergence pessimism
                         -4.95   19.78   output external delay
                                 19.78   data required time
-----------------------------------------------------------------------------
                                 19.78   data required time
                                 -0.98   data arrival time
-----------------------------------------------------------------------------
                                 18.81   slack (MET)


