OpenROAD 0.9.0 1415572a73
This program is licensed under the BSD-3 license. See the LICENSE file for details.
Components of this program may be licensed under more restrictive licenses which must be honored.
Notice 0: Reading LEF file:  /openLANE_flow/designs/ripple_counter/runs/07-05_03-22/tmp/merged_unpadded.lef
Notice 0:     Created 13 technology layers
Notice 0:     Created 25 technology vias
Notice 0:     Created 440 library cells
Notice 0: Finished LEF file:  /openLANE_flow/designs/ripple_counter/runs/07-05_03-22/tmp/merged_unpadded.lef
Notice 0: 
Reading DEF file: /openLANE_flow/designs/ripple_counter/runs/07-05_03-22/tmp/placement/8-resizer.def
Notice 0: Design: ripple_counter
Notice 0:     Created 6 pins.
Notice 0:     Created 61 components and 221 component-terminals.
Notice 0:     Created 2 special nets and 0 connections.
Notice 0:     Created 11 nets and 25 connections.
Notice 0: Finished DEF file: /openLANE_flow/designs/ripple_counter/runs/07-05_03-22/tmp/placement/8-resizer.def
Design Stats
--------------------------------
total instances            61
multi row instances         0
fixed instances            52
nets                       13
design area            1856.8 u^2
fixed area              135.1 u^2
movable area             85.1 u^2
utilization                 5 %
utilization padded          8 %
rows                       14
row height                2.7 u

Placement Analysis
--------------------------------
total displacement        0.0 u
average displacement      0.0 u
max displacement          0.0 u
original HPWL           229.6 u
legalized HPWL          243.8 u
delta HPWL                  6 %

[INFO DPL-0020] Mirrored 4 instances
[INFO DPL-0021] HPWL before             243.8 u
[INFO DPL-0022] HPWL after              229.6 u
[INFO DPL-0023] HPWL delta               -5.8 %
