OpenROAD 0.9.0 1415572a73
This program is licensed under the BSD-3 license. See the LICENSE file for details.
Components of this program may be licensed under more restrictive licenses which must be honored.
Notice 0: Reading LEF file:  /openLANE_flow/designs/ripple_counter/runs/07-05_03-22/tmp/merged_unpadded.lef
Notice 0:     Created 13 technology layers
Notice 0:     Created 25 technology vias
Notice 0:     Created 440 library cells
Notice 0: Finished LEF file:  /openLANE_flow/designs/ripple_counter/runs/07-05_03-22/tmp/merged_unpadded.lef
Notice 0: 
Reading DEF file: /openLANE_flow/designs/ripple_counter/runs/07-05_03-22/tmp/floorplan/7-pdn.def
Notice 0: Design: ripple_counter
Notice 0:     Created 6 pins.
Notice 0:     Created 58 components and 203 component-terminals.
Notice 0:     Created 2 special nets and 0 connections.
Notice 0:     Created 8 nets and 19 connections.
Notice 0: Finished DEF file: /openLANE_flow/designs/ripple_counter/runs/07-05_03-22/tmp/floorplan/7-pdn.def
[INFO GPL-0002] DBU: 1000
[INFO GPL-0003] SiteSize: 460 2720
[INFO GPL-0004] CoreAreaLxLy: 5520 10880
[INFO GPL-0005] CoreAreaUxUy: 54280 48960
[INFO GPL-0006] NumInstances: 58
[INFO GPL-0007] NumPlaceInstances: 6
[INFO GPL-0008] NumFixedInstances: 52
[INFO GPL-0009] NumDummyInstances: 0
[INFO GPL-0010] NumNets: 8
[INFO GPL-0011] NumPins: 23
[INFO GPL-0012] DieAreaLxLy: 0 0
[INFO GPL-0013] DieAreaUxUy: 60000 60000
[INFO GPL-0014] CoreAreaLxLy: 5520 10880
[INFO GPL-0015] CoreAreaUxUy: 54280 48960
[INFO GPL-0016] CoreArea: 1856780800
[INFO GPL-0017] NonPlaceInstsArea: 135129600
[INFO GPL-0018] PlaceInstsArea: 75072000
[INFO GPL-0019] Util(%): 4.36
[INFO GPL-0020] StdInstsArea: 75072000
[INFO GPL-0021] MacroInstsArea: 0
Begin InitialPlace
[InitialPlace]  Iter: 1 CG Error: 0.00000003 HPWL: 294090
[InitialPlace]  Iter: 2 CG Error: 0.00000007 HPWL: 283263
[InitialPlace]  Iter: 3 CG Error: 0.00000012 HPWL: 283133
[InitialPlace]  Iter: 4 CG Error: 0.00000004 HPWL: 283120
[InitialPlace]  Iter: 5 CG Error: 0.00000012 HPWL: 283104
End InitialPlace
[INFO GPL-0031] FillerInit: NumGCells: 95
[INFO GPL-0032] FillerInit: NumGNets: 8
[INFO GPL-0033] FillerInit: NumGPins: 23
[INFO GPL-0023] TargetDensity: 0.55
[INFO GPL-0024] AveragePlaceInstArea: 12512000
[INFO GPL-0025] IdealBinArea: 22749090
[INFO GPL-0026] IdealBinCnt: 81
[INFO GPL-0027] TotalBinArea: 1856780800
[INFO GPL-0028] BinCnt: 8 8
[INFO GPL-0029] BinSize: 6095 4760
[INFO GPL-0030] NumBins: 64
Begin NesterovInit
End NesterovInit
[NesterovSolve] Iter: 1 overflow: 0.145567 HPWL: 222120
[NesterovSolve] Iter: 10 overflow: 0.146018 HPWL: 223054
[NesterovSolve] Iter: 20 overflow: 0.146002 HPWL: 223045
[NesterovSolve] Iter: 30 overflow: 0.145968 HPWL: 223050
[NesterovSolve] Iter: 40 overflow: 0.146085 HPWL: 223049
[NesterovSolve] Iter: 50 overflow: 0.146128 HPWL: 223054
[NesterovSolve] Iter: 60 overflow: 0.146357 HPWL: 223059
[NesterovSolve] Iter: 70 overflow: 0.14874 HPWL: 223076
[NesterovSolve] Iter: 80 overflow: 0.159479 HPWL: 223434
[NesterovSolve] Iter: 90 overflow: 0.177361 HPWL: 224010
[NesterovSolve] Iter: 100 overflow: 0.198141 HPWL: 224965
[NesterovSolve] Iter: 110 overflow: 0.19143 HPWL: 225334
[NesterovSolve] Iter: 120 overflow: 0.140522 HPWL: 222510
[NesterovSolve] Iter: 130 overflow: 0.143773 HPWL: 225440
[NesterovSolve] Iter: 140 overflow: 0.233059 HPWL: 225833
[NesterovSolve] Iter: 150 overflow: 0.211872 HPWL: 225843
[NesterovSolve] Iter: 160 overflow: 0.185621 HPWL: 226896
[NesterovSolve] Iter: 170 overflow: 0.244082 HPWL: 227217
[NesterovSolve] Iter: 180 overflow: 0.202818 HPWL: 225240
[NesterovSolve] Iter: 190 overflow: 0.214369 HPWL: 226418
[NesterovSolve] Iter: 200 overflow: 0.207998 HPWL: 224980
[NesterovSolve] Iter: 210 overflow: 0.193748 HPWL: 225004
[NesterovSolve] Iter: 220 overflow: 0.211912 HPWL: 225849
[NesterovSolve] Iter: 230 overflow: 0.18365 HPWL: 224657
[NesterovSolve] Iter: 240 overflow: 0.198153 HPWL: 225076
[NesterovSolve] Iter: 250 overflow: 0.188794 HPWL: 225084
[NesterovSolve] Iter: 260 overflow: 0.188727 HPWL: 224946
[NesterovSolve] Iter: 270 overflow: 0.185644 HPWL: 224884
[NesterovSolve] Iter: 280 overflow: 0.181461 HPWL: 224864
[NesterovSolve] Iter: 290 overflow: 0.179247 HPWL: 224882
[NesterovSolve] Iter: 300 overflow: 0.18298 HPWL: 225133
[NesterovSolve] Iter: 310 overflow: 0.190145 HPWL: 225785
[NesterovSolve] Iter: 320 overflow: 0.188157 HPWL: 225983
[NesterovSolve] Iter: 330 overflow: 0.198934 HPWL: 227103
[NesterovSolve] Iter: 340 overflow: 0.186155 HPWL: 227782
[NesterovSolve] Iter: 350 overflow: 0.156762 HPWL: 227878
[NesterovSolve] Finished with Overflow: 0.085724
Warning: /home/vsduser/Desktop/work/tools/openlane_working_dir/pdks/sky130A/libs.ref/sky130_fd_sc_hd/lib/sky130_fd_sc_hd__ss_100C_1v60.lib line 32, default_operating_condition ss_100C_1v60 not found.
Warning: /home/vsduser/Desktop/work/tools/openlane_working_dir/pdks/sky130A/libs.ref/sky130_fd_sc_hd/lib/sky130_fd_sc_hd__ff_n40C_1v95.lib line 31, default_operating_condition ff_n40C_1v95 not found.
create_clock [get_ports $::env(CLOCK_PORT)]  -name $::env(CLOCK_PORT)  -period $::env(CLOCK_PERIOD)
set input_delay_value [expr $::env(CLOCK_PERIOD) * $::env(IO_PCT)]
set output_delay_value [expr $::env(CLOCK_PERIOD) * $::env(IO_PCT)]
puts "\[INFO\]: Setting output delay to: $output_delay_value"
[INFO]: Setting output delay to: 4.946000000000001
puts "\[INFO\]: Setting input delay to: $input_delay_value"
[INFO]: Setting input delay to: 4.946000000000001
set_max_fanout $::env(SYNTH_MAX_FANOUT) [current_design]
set clk_indx [lsearch [all_inputs] [get_port $::env(CLOCK_PORT)]]
#set rst_indx [lsearch [all_inputs] [get_port resetn]]
set all_inputs_wo_clk [lreplace [all_inputs] $clk_indx $clk_indx]
#set all_inputs_wo_clk_rst [lreplace $all_inputs_wo_clk $rst_indx $rst_indx]
set all_inputs_wo_clk_rst $all_inputs_wo_clk
# correct resetn
set_input_delay $input_delay_value  -clock [get_clocks $::env(CLOCK_PORT)] $all_inputs_wo_clk_rst
#set_input_delay 0.0 -clock [get_clocks $::env(CLOCK_PORT)] {resetn}
set_output_delay $output_delay_value  -clock [get_clocks $::env(CLOCK_PORT)] [all_outputs]
# TODO set this as parameter
set_driving_cell -lib_cell $::env(SYNTH_DRIVING_CELL) -pin $::env(SYNTH_DRIVING_CELL_PIN) [all_inputs]
set cap_load [expr $::env(SYNTH_CAP_LOAD) / 1000.0]
puts "\[INFO\]: Setting load to: $cap_load"
[INFO]: Setting load to: 0.01765
set_load  $cap_load [all_outputs]
No paths found.
Startpoint: reset (input port clocked by clk)
Endpoint: _8_ (removal check against rising-edge clock clk)
Path Group: **async_default**
Path Type: min

Fanout     Cap    Slew   Delay    Time   Description
-----------------------------------------------------------------------------
                  0.00    0.00    0.00   clock clk (rise edge)
                          0.00    0.00   clock network delay (ideal)
                          4.95    4.95 v input external delay
                  0.00    0.00    4.95 v reset (in)
     1    0.01                           reset (net)
                  0.00    0.00    4.95 v _4_/A (sky130_fd_sc_hd__inv_2)
                  0.03    0.03    4.97 ^ _4_/Y (sky130_fd_sc_hd__inv_2)
     2    0.01                           _2_ (net)
                  0.03    0.00    4.97 ^ _8_/RESET_B (sky130_fd_sc_hd__dfrtp_2)
                                  4.97   data arrival time

                  0.00    0.00    0.00   clock clk (rise edge)
                          0.00    0.00   clock network delay (ideal)
                          0.00    0.00   clock reconvergence pessimism
                                  0.00 ^ _8_/CLK (sky130_fd_sc_hd__dfrtp_2)
                          0.19    0.19   library removal time
                                  0.19   data required time
-----------------------------------------------------------------------------
                                  0.19   data required time
                                 -4.97   data arrival time
-----------------------------------------------------------------------------
                                  4.78   slack (MET)


Startpoint: _8_ (rising edge-triggered flip-flop clocked by clk)
Endpoint: _8_ (rising edge-triggered flip-flop clocked by clk)
Path Group: clk
Path Type: min

Fanout     Cap    Slew   Delay    Time   Description
-----------------------------------------------------------------------------
                  0.00    0.00    0.00   clock clk (rise edge)
                          0.00    0.00   clock network delay (ideal)
                  0.00    0.00    0.00 ^ _8_/CLK (sky130_fd_sc_hd__dfrtp_2)
                  0.11    0.27    0.27 ^ _8_/Q (sky130_fd_sc_hd__dfrtp_2)
     2    0.02                           q[0] (net)
                  0.11    0.00    0.27 ^ _5_/A (sky130_fd_sc_hd__inv_2)
                  0.03    0.02    0.29 v _5_/Y (sky130_fd_sc_hd__inv_2)
     3    0.01                           _0_ (net)
                  0.03    0.00    0.29 v _8_/D (sky130_fd_sc_hd__dfrtp_2)
                                  0.29   data arrival time

                  0.00    0.00    0.00   clock clk (rise edge)
                          0.00    0.00   clock network delay (ideal)
                          0.00    0.00   clock reconvergence pessimism
                                  0.00 ^ _8_/CLK (sky130_fd_sc_hd__dfrtp_2)
                         -0.03   -0.03   library hold time
                                 -0.03   data required time
-----------------------------------------------------------------------------
                                 -0.03   data required time
                                 -0.29   data arrival time
-----------------------------------------------------------------------------
                                  0.32   slack (MET)


Startpoint: reset (input port clocked by clk)
Endpoint: _9_ (recovery check against rising-edge clock clk)
Path Group: **async_default**
Path Type: max

Fanout     Cap    Slew   Delay    Time   Description
-----------------------------------------------------------------------------
                  0.00    0.00    0.00   clock clk (rise edge)
                          0.00    0.00   clock network delay (ideal)
                          4.95    4.95 v input external delay
                  0.02    0.01    4.95 v reset (in)
     1    0.01                           reset (net)
                  0.02    0.00    4.95 v _4_/A (sky130_fd_sc_hd__inv_2)
                  0.06    0.06    5.02 ^ _4_/Y (sky130_fd_sc_hd__inv_2)
     2    0.01                           _2_ (net)
                  0.06    0.00    5.02 ^ _7_/A (sky130_fd_sc_hd__buf_1)
                  0.09    0.16    5.17 ^ _7_/X (sky130_fd_sc_hd__buf_1)
     1    0.00                           _3_ (net)
                  0.09    0.00    5.17 ^ _9_/RESET_B (sky130_fd_sc_hd__dfrtp_2)
                                  5.17   data arrival time

                  0.00   24.73   24.73   clock clk (rise edge)
                          0.00   24.73   clock network delay (ideal)
                          0.00   24.73   clock reconvergence pessimism
                                 24.73 ^ _9_/CLK (sky130_fd_sc_hd__dfrtp_2)
                          0.41   25.14   library recovery time
                                 25.14   data required time
-----------------------------------------------------------------------------
                                 25.14   data required time
                                 -5.17   data arrival time
-----------------------------------------------------------------------------
                                 19.97   slack (MET)


Startpoint: _8_ (rising edge-triggered flip-flop clocked by clk)
Endpoint: q[0] (output port clocked by clk)
Path Group: clk
Path Type: max

Fanout     Cap    Slew   Delay    Time   Description
-----------------------------------------------------------------------------
                  0.00    0.00    0.00   clock clk (rise edge)
                          0.00    0.00   clock network delay (ideal)
                  0.00    0.00    0.00 ^ _8_/CLK (sky130_fd_sc_hd__dfrtp_2)
                  0.18    0.90    0.90 v _8_/Q (sky130_fd_sc_hd__dfrtp_2)
     2    0.02                           q[0] (net)
                  0.18    0.00    0.90 v q[0] (out)
                                  0.90   data arrival time

                  0.00   24.73   24.73   clock clk (rise edge)
                          0.00   24.73   clock network delay (ideal)
                          0.00   24.73   clock reconvergence pessimism
                         -4.95   19.78   output external delay
                                 19.78   data required time
-----------------------------------------------------------------------------
                                 19.78   data required time
                                 -0.90   data arrival time
-----------------------------------------------------------------------------
                                 18.88   slack (MET)


No paths found.
wns 0.00
tns 0.00
