OpenROAD 0.9.0 1415572a73
This program is licensed under the BSD-3 license. See the LICENSE file for details.
Components of this program may be licensed under more restrictive licenses which must be honored.
Warning: /openLANE_flow/designs/ripple_counter/runs/07-05_03-22/tmp/resizer.lib line 32, default_operating_condition ss_100C_1v60 not found.
Notice 0: Reading LEF file:  /openLANE_flow/designs/ripple_counter/runs/07-05_03-22/tmp/merged_unpadded.lef
Notice 0:     Created 13 technology layers
Notice 0:     Created 25 technology vias
Notice 0:     Created 440 library cells
Notice 0: Finished LEF file:  /openLANE_flow/designs/ripple_counter/runs/07-05_03-22/tmp/merged_unpadded.lef
Notice 0: 
Reading DEF file: /openLANE_flow/designs/ripple_counter/runs/07-05_03-22/tmp/placement/8-replace.def
Notice 0: Design: ripple_counter
Notice 0:     Created 6 pins.
Notice 0:     Created 58 components and 203 component-terminals.
Notice 0:     Created 2 special nets and 0 connections.
Notice 0:     Created 8 nets and 19 connections.
Notice 0: Finished DEF file: /openLANE_flow/designs/ripple_counter/runs/07-05_03-22/tmp/placement/8-replace.def
create_clock [get_ports $::env(CLOCK_PORT)]  -name $::env(CLOCK_PORT)  -period $::env(CLOCK_PERIOD)
set input_delay_value [expr $::env(CLOCK_PERIOD) * $::env(IO_PCT)]
set output_delay_value [expr $::env(CLOCK_PERIOD) * $::env(IO_PCT)]
puts "\[INFO\]: Setting output delay to: $output_delay_value"
[INFO]: Setting output delay to: 4.946000000000001
puts "\[INFO\]: Setting input delay to: $input_delay_value"
[INFO]: Setting input delay to: 4.946000000000001
set_max_fanout $::env(SYNTH_MAX_FANOUT) [current_design]
set clk_indx [lsearch [all_inputs] [get_port $::env(CLOCK_PORT)]]
#set rst_indx [lsearch [all_inputs] [get_port resetn]]
set all_inputs_wo_clk [lreplace [all_inputs] $clk_indx $clk_indx]
#set all_inputs_wo_clk_rst [lreplace $all_inputs_wo_clk $rst_indx $rst_indx]
set all_inputs_wo_clk_rst $all_inputs_wo_clk
# correct resetn
set_input_delay $input_delay_value  -clock [get_clocks $::env(CLOCK_PORT)] $all_inputs_wo_clk_rst
#set_input_delay 0.0 -clock [get_clocks $::env(CLOCK_PORT)] {resetn}
set_output_delay $output_delay_value  -clock [get_clocks $::env(CLOCK_PORT)] [all_outputs]
# TODO set this as parameter
set_driving_cell -lib_cell $::env(SYNTH_DRIVING_CELL) -pin $::env(SYNTH_DRIVING_CELL_PIN) [all_inputs]
set cap_load [expr $::env(SYNTH_CAP_LOAD) / 1000.0]
puts "\[INFO\]: Setting load to: $cap_load"
[INFO]: Setting load to: 0.01765
set_load  $cap_load [all_outputs]
[INFO RSZ-0027] Inserted 1 input buffers.
[INFO RSZ-0028] Inserted 2 output buffers.
[INFO RSZ-0039] Resized 6 instances.
Design Stats
--------------------------------
total instances            61
multi row instances         0
fixed instances            52
nets                       13
design area            1856.8 u^2
fixed area              135.1 u^2
movable area             85.1 u^2
utilization                 5 %
utilization padded          8 %
rows                       14
row height                2.7 u

Placement Analysis
--------------------------------
total displacement       55.7 u
average displacement      0.9 u
max displacement         18.0 u
original HPWL           236.2 u
legalized HPWL          243.8 u
delta HPWL                  3 %

[INFO DPL-0020] Mirrored 4 instances
[INFO DPL-0021] HPWL before             243.8 u
[INFO DPL-0022] HPWL after              229.6 u
[INFO DPL-0023] HPWL delta               -5.8 %
